// Jest Snapshot v1, https://goo.gl/fbAQLP

exports[`Test Color Legend snapshot test 1`] = `
<div
  style="position: absolute; display: flex; z-index: 999;"
/>
`;

exports[`Test Color Legend snapshot test if layers=0 1`] = `null`;

exports[`Test Color Legend snapshot test with props 1`] = `
<div
  style="position: absolute; display: flex; z-index: 999;"
/>
`;
