// Jest Snapshot v1, https://goo.gl/fbAQLP

exports[`Test Color Legend snapshot test with default props 1`] = `
<div
  style="bottom: 10px; left: 10px; position: relative;"
>
  <label>
    800
  </label>
  m
  <div
    style="width: 100px; height: 4px; border: 2px solid gray; display: inline-block; margin-left: 3px; margin-right: 3px; right: 0px; bottom: 0px;"
  />
</div>
`;

exports[`Test Color Legend snapshot test with higher zoom 1`] = `
<div
  style="bottom: 10px; left: 10px; position: relative;"
>
  <label>
    50
  </label>
  m
  <div
    style="width: 100px; height: 4px; border: 2px solid gray; display: inline-block; margin-left: 3px; margin-right: 3px; right: 0px; bottom: 0px;"
  />
</div>
`;

exports[`Test Color Legend snapshot test with invalid props 1`] = `null`;
