// Jest Snapshot v1, https://goo.gl/fbAQLP

exports[`test hide zero completions switch snapshot test 1`] = `
<label
  className="sc-dUbuoE byrORV"
>
  <input
    checked={false}
    className="sc-fXEqXD sc-FNZbm fgxrku frkXXs"
    onChange={[Function]}
    type="checkbox"
  />
  <span
    className="sc-dVNiOx sc-bQtJOP MToBH eWpThv"
  >
    <span
      className="sc-eFehXo dQSnKG"
    />
    <span
      className="sc-fmBDoT boDmd"
    />
  </span>
  <span
    className="sc-htJSpn dxxpaC"
  >
    Filter by completions
  </span>
</label>
`;
