// Jest Snapshot v1, https://goo.gl/fbAQLP

exports[`Test zoom slider snapshot test 1`] = `
<span
  class="MuiSlider-root MuiSlider-colorPrimary"
>
  <span
    class="MuiSlider-rail"
  />
  <span
    class="MuiSlider-track"
    style="left: 0%; width: 0%;"
  />
  <input
    type="hidden"
    value="0"
  />
  <span
    aria-labelledby="non-linear-slider"
    aria-orientation="horizontal"
    aria-valuemax="256"
    aria-valuemin="1"
    aria-valuenow="1"
    aria-valuetext="1"
    class="MuiSlider-thumb MuiSlider-thumbColorPrimary PrivateValueLabel-thumb-1"
    data-index="0"
    role="slider"
    style="left: 0%;"
    tabindex="0"
  >
    <span
      class="PrivateValueLabel-offset-3 MuiSlider-valueLabel"
    >
      <span
        class="PrivateValueLabel-circle-4"
      >
        <span
          class="PrivateValueLabel-label-5"
        >
          1
        </span>
      </span>
    </span>
  </span>
</span>
`;
