// Jest Snapshot v1, https://goo.gl/fbAQLP

exports[`test settings component snapshot test 1`] = `
@media (hover:hover) and (pointer:fine) {

}

<div
  class="makeStyles-root-1"
>
  <button
    class="MuiButtonBase-root MuiFab-root makeStyles-root-2 MuiFab-sizeMedium"
    id="hillshading-layer-button"
    tabindex="0"
    type="button"
  >
    <span
      class="MuiFab-label"
    >
      <svg
        aria-hidden="true"
        class=""
        fill="currentColor"
        height="24px"
        viewBox="0 0 24 24"
        width="24px"
        xmlns="http://www.w3.org/2000/svg"
      >
        <path
          class=""
          clip-rule="evenodd"
          d="M14 3 9.78 8.63l1.25 1.67L14 6.33 19 13h-8.46L6.53 7.63 1 15h22L14 3zM5 13l1.52-2.03L8.04 13H5zm-2 6.5L2 17h2l1 2.5H3zM8 21l-2-4h2l2 4H8zm2-4 1 2.5h2L12 17h-2zm4 0h2l2.5 5h-2L14 17zm4 0 2 4h2l-2-4h-2z"
          data-testid="eds-icon-path"
          fill-rule="evenodd"
          height="24"
        />
      </svg>
    </span>
    <span
      class="MuiTouchRipple-root"
    />
  </button>
  <button
    class="MuiButtonBase-root MuiFab-root makeStyles-root-2 MuiFab-sizeMedium"
    id="wells-layer-button"
    tabindex="0"
    type="button"
  >
    <span
      class="MuiFab-label"
    >
      <svg
        aria-hidden="true"
        class=""
        fill="currentColor"
        height="24px"
        viewBox="0 0 24 24"
        width="24px"
        xmlns="http://www.w3.org/2000/svg"
      >
        <path
          class=""
          clip-rule="evenodd"
          d="M9.3 3h5.4v.9h1.8v1.8h-.9v1.717L17.784 19.2H19.2V21H4.8v-1.8h1.418L8.4 7.417V5.7h-.9V3.9h1.8V3zm4.5 2.7v1.8l.005.023-1.804 1.11-1.804-1.11.004-.023V5.7h3.6zm-3.778 2.772-.286 1.555 1.406-.865-1.12-.69zm1.979 1.218-2.484 1.529-.298 1.62L12 14.386l2.782-1.545-.298-1.621L12 9.689zm2.265.337-.286-1.555-1.12.69 1.406.865zM11.074 14.9l-2.027-1.126-.462 2.509 2.49-1.383zm.927.515 3.626 2.015.326 1.77H8.049l.325-1.77 3.627-2.015zm3.415.868L12.927 14.9l2.028-1.126.461 2.509z"
          data-testid="eds-icon-path"
          fill-rule="evenodd"
          height="24"
        />
      </svg>
    </span>
    <span
      class="MuiTouchRipple-root"
    />
  </button>
  <button
    class="MuiButtonBase-root MuiFab-root makeStyles-root-2 MuiFab-sizeMedium"
    id="fault-polygons-layer-button"
    tabindex="0"
    type="button"
  >
    <span
      class="MuiFab-label"
    >
      <svg
        aria-hidden="true"
        class=""
        fill="currentColor"
        height="24px"
        viewBox="0 0 24 24"
        width="24px"
        xmlns="http://www.w3.org/2000/svg"
      >
        <path
          class=""
          clip-rule="evenodd"
          d="m18.752 10.1-2.107 3.65-2.126 3.715 4.729-2.172-1.562-.926 1.054-1.825 1.053-1.825-1.041-.617zM4.602 13.9l2.107-3.65 2.126-3.715-4.73 2.172 1.563.926-1.054 1.825-1.054 1.825 1.042.617zM11.618 5H3V3h10.353a1 1 0 0 1 .865 1.501l-7.53 13a1 1 0 0 1-.864.499H3v-2h2.247l6.371-11zM11.735 19h8.619v2H10a1 1 0 0 1-.866-1.501l7.53-13A1 1 0 0 1 17.53 6h2.823v2h-2.247l-6.37 11z"
          data-testid="eds-icon-path"
          fill-rule="evenodd"
          height="24"
        />
      </svg>
    </span>
    <span
      class="MuiTouchRipple-root"
    />
  </button>
  <button
    class="MuiButtonBase-root MuiFab-root makeStyles-root-2 MuiFab-sizeMedium"
    id="drawing-layer-button"
    tabindex="0"
    type="button"
  >
    <span
      class="MuiFab-label"
    >
      <svg
        aria-hidden="true"
        class=""
        fill="currentColor"
        height="24px"
        viewBox="0 0 24 24"
        width="24px"
        xmlns="http://www.w3.org/2000/svg"
      >
        <path
          class=""
          clip-rule="evenodd"
          d="M19.169 3c-.26 0-.51.1-.71.29l-8.96 8.96 2.75 2.75 8.96-8.96a.996.996 0 0 0 0-1.41l-1.34-1.34c-.2-.2-.45-.29-.7-.29zM7.499 16c.55 0 1 .45 1 1 0 1.1-.9 2-2 2-.17 0-.33-.02-.5-.05.31-.55.5-1.21.5-1.95 0-.55.45-1 1-1zm-3 1c0-1.66 1.34-3 3-3s3 1.34 3 3c0 2.21-1.79 4-4 4-1.51 0-3.08-.78-4-2 .84 0 2-.69 2-2z"
          data-testid="eds-icon-path"
          fill-rule="evenodd"
          height="24"
        />
      </svg>
    </span>
    <span
      class="MuiTouchRipple-root"
    />
  </button>
  <div
    id="layers-button-undefined"
  >
    <button
      class="MuiButtonBase-root MuiFab-root"
      id="layers-selector-button"
      tabindex="0"
      type="button"
    >
      <span
        class="MuiFab-label"
      >
        <svg
          aria-hidden="true"
          class=""
          fill="currentColor"
          height="24px"
          viewBox="0 0 24 24"
          width="24px"
          xmlns="http://www.w3.org/2000/svg"
        >
          <path
            class=""
            clip-rule="evenodd"
            d="m12 16.465 7.36-5.73L21 9.465l-9-7-9 7 1.63 1.27 7.37 5.73zm-.01 2.54-7.37-5.73L3 14.535l9 7 9-7-1.63-1.27-7.38 5.74zm5.75-9.54L12 4.995l-5.74 4.47 5.74 4.47 5.74-4.47z"
            data-testid="eds-icon-path"
            fill-rule="evenodd"
            height="24"
          />
        </svg>
      </span>
      <span
        class="MuiTouchRipple-root"
      />
    </button>
  </div>
</div>
`;

exports[`test settings component test empty MapState 1`] = `null`;
