// Jest Snapshot v1, https://goo.gl/fbAQLP

exports[`Test  Date-Time Slider snapshot test 1`] = `
<div
  class="makeStyles-root-1"
>
  <span>
    Time Steps
  </span>
  <span
    class="MuiSlider-root WithStyles(ForwardRef(Slider))-root-2 MuiSlider-colorPrimary MuiSlider-trackFalse"
  >
    <span
      class="MuiSlider-rail"
    />
    <span
      class="MuiSlider-track"
      style="left: 0%; width: 0%;"
    />
    <input
      type="hidden"
      value="0"
    />
    <span
      class="MuiSlider-mark MuiSlider-markActive"
      data-index="0"
      style="left: 0%;"
    />
    <span
      class="MuiSlider-mark"
      data-index="1"
      style="left: 33.333333333333336%;"
    />
    <span
      class="MuiSlider-mark"
      data-index="2"
      style="left: 66.66666666666667%;"
    />
    <span
      class="MuiSlider-mark"
      data-index="3"
      style="left: 100%;"
    />
    <span
      aria-labelledby="date-time-slider-label"
      aria-orientation="horizontal"
      aria-valuemax="3"
      aria-valuemin="0"
      aria-valuenow="0"
      class="MuiSlider-thumb MuiSlider-thumbColorPrimary PrivateValueLabel-open-5 PrivateValueLabel-thumb-4"
      data-index="0"
      role="slider"
      style="left: 0%;"
      tabindex="0"
    >
      <span
        class="PrivateValueLabel-offset-6 MuiSlider-valueLabel WithStyles(ForwardRef(Slider))-valueLabel-3"
      >
        <span
          class="PrivateValueLabel-circle-7"
        >
          <span
            class="PrivateValueLabel-label-8"
          >
            2018-02-01
          </span>
        </span>
      </span>
    </span>
  </span>
</div>
`;
