// Jest Snapshot v1, https://goo.gl/fbAQLP

exports[`Test GroupTree Default Component snapshot test 1`] = `
.c3 {
  display: -webkit-box;
  display: -webkit-flex;
  display: -ms-flexbox;
  display: flex;
  -webkit-box-pack: justify;
  -webkit-justify-content: space-between;
  -ms-flex-pack: justify;
  justify-content: space-between;
  position: relative;
  margin: 0;
  color: var(--eds_text__static_icons__tertiary,rgba(111,111,111,1));
  font-family: Equinor;
  font-size: 0.750rem;
  font-weight: 500;
  line-height: 1.333em;
  text-align: left;
  margin-left: 8px;
  margin-right: 8px;
  color: var(--eds_text__static_icons__tertiary,rgba(111,111,111,1));
}

.c4 {
  margin: 0;
}

.c0 {
  height: 64px;
  top: 0;
  position: -webkit-sticky;
  position: sticky;
  background: var(--eds_ui_background__default,rgba(255,255,255,1));
  box-sizing: border-box;
  z-index: 250;
  display: grid;
  grid-column-gap: 40px;
  grid-template-columns: auto 1fr auto;
  grid-template-areas: 'left center right';
  -webkit-align-items: center;
  -webkit-box-align: center;
  -ms-flex-align: center;
  align-items: center;
  border-bottom: 2px var(--eds_ui_background__light,rgba(247,247,247,1));
  padding-left: 40px;
  padding-top: 8px;
  padding-right: 40px;
  padding-bottom: 8px;
  margin: 0;
  color: rgba(61,61,61,1);
  font-family: Equinor;
  font-size: 1.000rem;
  font-weight: 400;
  line-height: 1.000em;
  -webkit-letter-spacing: 0.013em;
  -moz-letter-spacing: 0.013em;
  -ms-letter-spacing: 0.013em;
  letter-spacing: 0.013em;
  text-align: left;
}

.c6 {
  grid-area: right;
  text-align: right;
}

.c1 {
  grid-area: left;
  display: grid;
  grid-template-columns: auto auto;
  grid-gap: 24px;
  -webkit-align-items: center;
  -webkit-box-align: center;
  -ms-flex-align: center;
  align-items: center;
}

.c5 {
  border: none;
  border-radius: 0;
  box-shadow: inset 0 -1px 0 0 var(--eds_text__static_icons__tertiary,rgba(111,111,111,1));
  padding-left: 8px;
  padding-top: 6px;
  padding-right: 8px;
  padding-bottom: 6px;
  margin: 0;
  color: var(--eds_text__static_icons__tertiary,rgba(111,111,111,1));
  font-family: Equinor;
  font-size: 1.000rem;
  font-weight: 400;
  line-height: 1.500em;
  -webkit-letter-spacing: 0.025em;
  -moz-letter-spacing: 0.025em;
  -ms-letter-spacing: 0.025em;
  letter-spacing: 0.025em;
  text-align: left;
  padding-right: calc(8px *2 + 24px);
  display: block;
  margin: 0;
  -webkit-appearance: none;
  -moz-appearance: none;
  appearance: none;
  background-image: url("data:image/svg+xml,%3Csvg width='24' height='24' viewBox='0 0 24 24' xmlns='http://www.w3.org/2000/svg'%3E%3Cpath fill='%236f6f6f' d='M7 9.5l5 5 5-5H7z'/%3E%3C/svg%3E"), linear-gradient( to bottom, var(--eds_ui_background__light,rgba(247,247,247,1)) 0%, var(--eds_ui_background__light,rgba(247,247,247,1)) 100% );
  background-repeat: no-repeat,repeat;
  background-position: right 8px top 50%;
  width: 100%;
}

.c5:active,
.c5:focus {
  box-shadow: none;
  outline: 2px solid var(--eds_interactive_primary__resting,rgba(0,112,121,1));
  outline-offset: 0px;
}

.c5:disabled {
  color: var(--eds_interactive__disabled__text,rgba(190,190,190,1));
  background-image: url("data:image/svg+xml,%3Csvg width='24' height='24' viewBox='0 0 24 24' xmlns='http://www.w3.org/2000/svg'%3E%3Cpath fill='%23bebebe' d='M7 9.5l5 5 5-5H7z'/%3E%3C/svg%3E"), linear-gradient( to bottom, var(--eds_ui_background__light,rgba(247,247,247,1)) 0%, var(--eds_ui_background__light,rgba(247,247,247,1)) 100% );
  cursor: not-allowed;
  box-shadow: none;
  outline: none;
}

.c5:disabled .arrow-icon {
  fill: red;
}

.c5:disabled:focus,
.c5:disabled:active {
  outline: none;
}

.c2 {
  min-width: 100px;
  width: 100%;
}

<div
  class="makeStyles-root-1"
>
  <header
    class="c0 makeStyles-topBar-2"
  >
    <div
      class="c1 makeStyles-actions-3"
    >
      <div
        class="c2 makeStyles-root-4"
      >
        <label
          class="c3"
          for="flow-rate-selector"
        >
          <span
            class="c4"
          >
            Flow Rate
          </span>
        </label>
        <select
          class="c5"
          id="flow-rate-selector"
        >
          <option
            value="waterrate"
          >
            Water Rate
          </option>
          <option
            value="oilrate"
          >
            Oil Rate
          </option>
          <option
            value="gasrate"
          >
            Gas Rate
          </option>
          <option
            value="waterinjrate"
          >
            Water Injection Rate
          </option>
          <option
            value="gasinjrate"
          >
            Gas Injection Rate
          </option>
        </select>
      </div>
      <div
        class="c2 makeStyles-root-5"
      >
        <label
          class="c3"
          for="node-info-selector"
        >
          <span
            class="c4"
          >
            Node Data
          </span>
        </label>
        <select
          class="c5"
          id="node-info-selector"
        >
          <option
            value="pressure"
          >
            Pressure
          </option>
          <option
            value="bhp"
          >
            Bottom Hole Pressure
          </option>
        </select>
      </div>
    </div>
    <div
      class="c6 makeStyles-actions-3"
    >
      <div
        class="makeStyles-root-6"
      >
        <span>
          Time Steps
        </span>
        <span
          class="MuiSlider-root WithStyles(ForwardRef(Slider))-root-7 MuiSlider-colorPrimary MuiSlider-trackFalse"
        >
          <span
            class="MuiSlider-rail"
          />
          <span
            class="MuiSlider-track"
            style="left: 0%; width: 0%;"
          />
          <input
            type="hidden"
            value="0"
          />
          <span
            class="MuiSlider-mark MuiSlider-markActive"
            data-index="0"
            style="left: 0%;"
          />
          <span
            class="MuiSlider-mark"
            data-index="1"
            style="left: 33.333333333333336%;"
          />
          <span
            class="MuiSlider-mark"
            data-index="2"
            style="left: 66.66666666666667%;"
          />
          <span
            class="MuiSlider-mark"
            data-index="3"
            style="left: 100%;"
          />
          <span
            aria-labelledby="date-time-slider-label"
            aria-orientation="horizontal"
            aria-valuemax="3"
            aria-valuemin="0"
            aria-valuenow="0"
            class="MuiSlider-thumb MuiSlider-thumbColorPrimary PrivateValueLabel-open-10 PrivateValueLabel-thumb-9"
            data-index="0"
            role="slider"
            style="left: 0%;"
            tabindex="0"
          >
            <span
              class="PrivateValueLabel-offset-11 MuiSlider-valueLabel WithStyles(ForwardRef(Slider))-valueLabel-8"
            >
              <span
                class="PrivateValueLabel-circle-12"
              >
                <span
                  class="PrivateValueLabel-label-13"
                >
                  2018-02-01
                </span>
              </span>
            </span>
          </span>
        </span>
      </div>
    </div>
  </header>
  <div
    id="grouptree"
  >
    <svg
      height="700"
      width="0"
    >
      <g
        transform="translate(90,10)"
      >
        <path
          class="link grouptree_link grouptree_link__waterrate"
          d="M 0 330
                 C 0 330,
                   0 330,
                   0 330"
          id="path TRE_1_TRE_1_1"
        >
          <title>
            Water Rate 20 
Oil Rate 30 
Gas Rate 40 
Water Injection Rate 50 
Gas Injection Rate 60 

          </title>
        </path>
        <path
          class="link grouptree_link grouptree_link__waterrate"
          d="M 0 330
                 C 0 330,
                   0 330,
                   0 330"
          id="path TRE_1_TRE_1_2"
        >
          <title>
            Water Rate 25 
Oil Rate 35 
Gas Rate 45 
Water Injection Rate 55 
Gas Injection Rate 65 

          </title>
        </path>
        <g>
          <text
            dominant-baseline="central"
            text-anchor="middle"
          >
            <textpath
              class="edge_info_text"
              fill-opacity="0.000001"
              href="#path TRE_1_TRE_1_1"
              startOffset="50%"
            />
          </text>
          <text
            dominant-baseline="central"
            text-anchor="middle"
          >
            <textpath
              class="edge_info_text"
              fill-opacity="0.000001"
              href="#path TRE_1_TRE_1_2"
              startOffset="50%"
            />
          </text>
        </g>
        <g
          class="node"
          id="TRE_1"
          transform="translate(0,330)"
        >
          <circle
            class="grouptree__node grouptree__node--withchildren"
            id="TRE_1"
            r="6"
          />
          <text
            class="grouptree__nodelabel"
            dy=".35em"
            style="fill-opacity: 1;"
            text-anchor="end"
            x="-21"
          >
            TRE_1
          </text>
          <text
            class="grouptree__pressurelabel"
            dy="-.05em"
            text-anchor="middle"
            x="0"
          >
            5
          </text>
          <text
            class="grouptree__pressureunit"
            dominant-baseline="text-before-edge"
            dy=".04em"
            text-anchor="middle"
            x="0"
          />
          <title>
            Pressure 5 

          </title>
        </g>
        <g
          class="node"
          id="TRE_1_TRE_1_1"
          transform="translate(0,330)"
        >
          <circle
            class="grouptree__node grouptree__node"
            id="TRE_1_TRE_1_1"
            r="6"
          />
          <text
            class="grouptree__nodelabel"
            dy=".35em"
            style="fill-opacity: 1;"
            text-anchor="start"
            x="21"
          >
            TRE_1_1
          </text>
          <text
            class="grouptree__pressurelabel"
            dy="-.05em"
            text-anchor="middle"
            x="0"
          >
            20
          </text>
          <text
            class="grouptree__pressureunit"
            dominant-baseline="text-before-edge"
            dy=".04em"
            text-anchor="middle"
            x="0"
          />
          <title>
            Pressure 20 
Bottom Hole Pressure 11 
wmctl 12 

          </title>
        </g>
        <g
          class="node"
          id="TRE_1_TRE_1_2"
          transform="translate(0,330)"
        >
          <circle
            class="grouptree__node grouptree__node"
            id="TRE_1_TRE_1_2"
            r="6"
          />
          <text
            class="grouptree__nodelabel"
            dy=".35em"
            style="fill-opacity: 1;"
            text-anchor="start"
            x="21"
          >
            TRE_1_2
          </text>
          <text
            class="grouptree__pressurelabel"
            dy="-.05em"
            text-anchor="middle"
            x="0"
          >
            22
          </text>
          <text
            class="grouptree__pressureunit"
            dominant-baseline="text-before-edge"
            dy=".04em"
            text-anchor="middle"
            x="0"
          />
          <title>
            Pressure 22 
wmctl 10 

          </title>
        </g>
      </g>
    </svg>
  </div>
</div>
`;
